[dotenv@17.2.3] injecting env (8) from .env -- tip: ΓÜÖ∩╕Å  write to custom object with { processEnv: myObject }
Connecting to DB...
Connected. Attempting insert...
node : FULL ERROR 
OBJECT: error: 
column "description" 
of relation "goals" 
does not exist
At line:1 char:1
+ node test_db.js > 
error_log.txt 2>&1 
AND type 
error_log.txt
+ ~~~~~~~~~~~~~~~~~~~
~~~~~~~~~~~~~~~~~~~~~
~~~~~~~~~~~~~~~~~~~
    + CategoryInfo   
           : NotSpe  
  cified: (FULL ER   
 ROR OBJE... does    
 not exist:Strin    
g) [], RemoteExc    
eption
    + FullyQualified 
   ErrorId : Native  
  CommandError
 
    at E:\Users\ngoqu
\FullStack_Training\L
ife_os\server\node_mo
dules\pg\lib\client.j
s:588:17
    at process.proces
sTicksAndRejections (
node:internal/process
/task_queues:105:5)
    at async E:\Users
\ngoqu\FullStack_Trai
ning\Life_os\server\t
est_db.js:18:21 {
  length: 129,
  severity: 'ERROR',
  code: '42703',
  detail: undefined,
  hint: undefined,
  position: '27',
  internalPosition: 
undefined,
  internalQuery: 
undefined,
  where: undefined,
  schema: undefined,
  table: undefined,
  column: undefined,
  dataType: 
undefined,
  constraint: 
undefined,
  file: 
'parse_target.c',
  line: '1073',
  routine: 
'checkInsertTargets'
}
ERROR MESSAGE: 
column "description" 
of relation "goals" 
does not exist
ERROR HINT: undefined
